MAP
    NAME "altogrande"
    SIZE 450 650
    EXTENT 317967.4894924099789932 8515721.4269095007330179 657296.1769924099789932 8767076.4269095007330179

   # DEBUG 5
   # CONFIG "MS_ERRORFILE" "/tmp/ms_error.log"

    FONTSET "fonts/fonts.list"

    OUTPUTFORMAT
      NAME "png8"
      DRIVER AGG/PNG8
      MIMETYPE "image/png; mode=8bit"
      IMAGEMODE RGBA
      EXTENSION "png"
    END

    WEB
        IMAGEPATH "/tmp/"
        IMAGEURL "/tmp/"
        METADATA
            "wms_title" "Alto Grande"
            "wms_legend" "http://obahia.dea.ufv.br:8085"
            "wms_onlineresource" "http://obahia.dea.ufv.br:8085/cgi-bin/mapserv.fcgi?"
            "wms_enable_request" "*"
            "wms_feature_info_mime_type" "text/html"
            "wms_include_items" "all"
        END
    END

    PROJECTION
        "proj=longlat"
        "datum=WGS84"
        "no_defs"
    END

    LEGEND
      STATUS on
      KEYSIZE 20 12
      KEYSPACING 6 6
      LABEL
        TYPE TRUETYPE
        FONT 'Roboto'
        SIZE 9
        COLOR 0 0 89
        OUTLINECOLOR 255 255 255
        ANTIALIAS false
      END
#      TEMPLATE "landuseLegend.html"
    END

    LAYER
        NAME elevacao
        STATUS DEFAULT
        TYPE POLYGON
        DUMP TRUE

        INCLUDE "includes/dbconfig.map"
        DATA "geom FROM (
          SELECT
          altogrande.node, altogrande.elev, altogrande.geom
          FROM
            modflow.altogrande AS altogrande) as subquery USING UNIQUE node USING SRID=31986"

        PROCESSING "CLOSE_CONNECTION=DEFER"

       INCLUDE "includes/style_elevation.map"
    END
    
    LAYER
        NAME espessura
        STATUS OFF
        TYPE POLYGON
        DUMP TRUE

        INCLUDE "includes/dbconfig.map"
        DATA "geom FROM (
          SELECT
          altogrande.node, altogrande.thickn, altogrande.geom
          FROM
            modflow.altogrande AS altogrande) as subquery USING UNIQUE node USING SRID=31986"

        PROCESSING "CLOSE_CONNECTION=DEFER"

        INCLUDE "includes/style_thickness.map"
    END
END

