CLASSITEM "onset"
    CLASS
      NAME "< 15/09"
      EXPRESSION ([onset] = 1 )
      STYLE
        COLOR "#31007e"
      END
    END
    CLASS
      NAME "15/09 - 30/09"
      EXPRESSION ([onset] = 2 )
      STYLE
        COLOR "#0032b3"
      END
    END
    CLASS
      NAME "30/09 - 15/10"
      EXPRESSION ([onset] = 3)
      STYLE
        COLOR "#00bdff"
      END
    END
    CLASS
      NAME "15/10 - 30/10"
      EXPRESSION ([onset] = 4 )
      STYLE
        COLOR "#2aa92a"
      END
    END
    CLASS
      NAME "30/10 - 15/11"
      EXPRESSION ([onset] = 5 )
      STYLE
        COLOR "#53ff00"
      END
    END
    CLASS
      NAME "15/11 - 30/11"
      EXPRESSION ([onset] = 6 )
      STYLE
        COLOR "#ffff00"
      END
    END
    CLASS
      NAME "30/11 - 15/12"
      EXPRESSION ([onset] = 7 )
      STYLE
        COLOR "#ff6500"
      END
    END
    CLASS
      NAME "15/12 - 30/12"
      EXPRESSION ([onset] = 8 )
      STYLE
        COLOR "#ff007f"
      END
    END
    CLASS
      NAME "> 30/12"
      EXPRESSION ([onset] = 9 )
      STYLE
        COLOR "#ff86c2"
      END
    END
    
