CLASSITEM "thickness"
    CLASS
      NAME "30 - 50 m"
      EXPRESSION ( ([thickness] >= 30.0) AND ([thickness] <= 50.0) )
      STYLE
        OUTLINECOLOR "#fde725"
        ANTIALIAS TRUE
      END
      STYLE
        COLOR "#fde725"
        ANTIALIAS TRUE
      END
    END

    CLASS
      NAME "50 - 100 m"
      EXPRESSION ( ([thickness] >= 50.0) AND ([thickness] <= 100.0) )
      STYLE
        OUTLINECOLOR "#abdc32"
        ANTIALIAS TRUE
      END
      STYLE
        COLOR "#abdc32"
        ANTIALIAS TRUE
      END
    END

    CLASS
      NAME "100 - 150 m"
      EXPRESSION ( ([thickness] >= 100.0) AND ([thickness] <= 150.0) )
      STYLE
        OUTLINECOLOR "#5dc963"
        ANTIALIAS TRUE
      END
      STYLE
        COLOR "#5dc963"
        ANTIALIAS TRUE
      END
    END

    CLASS
      NAME "150 - 200 m"
      EXPRESSION ( ([thickness] >= 150.0) AND ([thickness] <= 200.0) )
      STYLE
        OUTLINECOLOR "#28ae80"
        ANTIALIAS TRUE
      END
      STYLE
        COLOR "#28ae80"
        ANTIALIAS TRUE
      END
    END
    
    CLASS
      NAME "200 - 250 m"
      EXPRESSION ( ([thickness] >= 200.0) AND ([thickness] <= 250.0) )
      STYLE
        OUTLINECOLOR "#21908d"
        ANTIALIAS TRUE
      END
      STYLE
        COLOR "#21908d"
        ANTIALIAS TRUE
      END
    END
    
    CLASS
      NAME "250 -300 m"
      EXPRESSION ( ([thickness] >= 250.0) AND ([thickness] <= 300.0) )
      STYLE
        OUTLINECOLOR "#2c728e"
        ANTIALIAS TRUE
      END
      STYLE
        COLOR "#2c728e"
        ANTIALIAS TRUE
      END
    END

    CLASS
      NAME "> 300 - 350 m"
      EXPRESSION ( ([thickness] >= 300.0) AND ([thickness] <= 350.0) )
      STYLE
        OUTLINECOLOR "#3b528b"
        ANTIALIAS TRUE
      END
      STYLE
        COLOR "#3b528b"
        ANTIALIAS TRUE
      END
    END
    
    CLASS
      NAME "> 350 - 400 m"
      EXPRESSION ( ([thickness] >= 350.0) AND ([thickness] <= 400.0) )
      STYLE
        OUTLINECOLOR "#472c7c"
        ANTIALIAS TRUE
      END
      STYLE
        COLOR "#472c7c"
        ANTIALIAS TRUE
      END
    END
    
    CLASS
      NAME "> 400 m"
      EXPRESSION ([thickness] >= 400.0)
      STYLE
        OUTLINECOLOR "#440154"
        ANTIALIAS TRUE
      END
      STYLE
        COLOR "#440154"
        ANTIALIAS TRUE
      END
    END
