CLASSITEM "amount"
    CLASS
      NAME "0 - 20 mm/mo"
      EXPRESSION ( ([amount] >= 0) AND ([amount] <= 20) )
      STYLE
        OPACITY 0
        OUTLINECOLOR "#000000"
        ANTIALIAS TRUE
      END
      STYLE
        COLOR "#7BD4F4"
        ANTIALIAS TRUE
      END
    END

    CLASS
      NAME "20 - 40 mm/mo"
      EXPRESSION ( ([amount] > 20) AND ([amount] <= 40) )
      STYLE
        OPACITY 0
        OUTLINECOLOR "#000000"
        ANTIALIAS TRUE
      END
      STYLE
        COLOR "#54C7F3"
        ANTIALIAS TRUE
      END
    END

    CLASS
      NAME "40 - 60 mm/mo"
      EXPRESSION ( ([amount] > 40) AND ([amount] <= 60) )
      STYLE
        OPACITY 0
        OUTLINECOLOR "#000000"
        ANTIALIAS TRUE
      END
      STYLE
        COLOR "#30ACE2"
        ANTIALIAS TRUE
      END
    END

    CLASS
      NAME "60 - 80 mm/mo"
      EXPRESSION ( ([amount] > 60) AND ([amount] <= 80) )
      STYLE
        OPACITY 0
        OUTLINECOLOR "#000000"
        ANTIALIAS TRUE
      END
      STYLE
        COLOR "#1F6FB8"
        ANTIALIAS TRUE
      END
    END

    CLASS
      NAME "80 - 100 mm/mo"
      EXPRESSION ( ([amount] > 80) AND ([amount] <= 100) )
      STYLE
        OPACITY 0
        OUTLINECOLOR "#000000"
        ANTIALIAS TRUE
      END
      STYLE
        COLOR "#0F599A"
        ANTIALIAS TRUE
      END
    END

    CLASS
      NAME "100 - 120 mm/mo"
      EXPRESSION ( ([amount] > 100) AND ([amount] <= 120) )
      STYLE
        OPACITY 0
        OUTLINECOLOR "#000000"
        ANTIALIAS TRUE
      END
      STYLE
        COLOR "#084466"
        ANTIALIAS TRUE
      END
    END

    CLASS
      NAME "> 120 mm/mo"
      EXPRESSION ( ([amount] >= 120) )
      STYLE
        OPACITY 0
        OUTLINECOLOR "#000000"
        ANTIALIAS TRUE
      END
      STYLE
        COLOR "#0C3457"
        ANTIALIAS TRUE
      END
    END
