CLASSITEM "[pixel]"
    CLASS
        NAME "0 - 20 tC ha<sup>-1</sup>"
        EXPRESSION ([pixel] >= 0 and [pixel] <= 20)
        STYLE
            COLORRANGE 247 243 229 239 235 222
            DATARANGE 0 20
        END
    END
    CLASS
        NAME "> 20 - 40 tC ha<sup>-1</sup>"
        EXPRESSION ([pixel] > 20 and [pixel] <= 40)
        STYLE
            COLORRANGE 239 235 222 216 187 144
            DATARANGE 20 40
        END
    END
    CLASS
        NAME "> 40 - 60 tC ha<sup>-1</sup>"
        EXPRESSION ([pixel] > 40 and [pixel] <= 60)
        STYLE
            COLORRANGE 216 187 144 158 122 71
            DATARANGE 40 60
        END
    END
    CLASS
        NAME "> 60 - 80 tC ha<sup>-1</sup>"
        EXPRESSION ([pixel] > 60 and [pixel] <= 80)
        STYLE
            COLORRANGE 158 122 71 84 59 26
            DATARANGE 60 80
        END
    END
    CLASS
        NAME "> 80 tC ha<sup>-1</sup>"
        EXPRESSION ([pixel] > 80)
        STYLE
            COLORRANGE 84 59 26 0 0 0
            DATARANGE 80 120
        END
    END
END
